
 DEV  v4.1.8 C:/Users/Amaju/Documents/PRODUCT DESIGN/DESIGN 2 MVP BOOTCAMP TRAINING/CAPSTONE PROJECT/BUILDWATCH

node.exe : stderr | src/m
odules/milestones/lib/upd
ateMilestoneBudget.test.t
s > 
updateMilestoneBudget > 
updates budget and 
writes audit event in a 
transaction
At line:1 char:1
+ & "C:\Program 
Files\nodejs/node.exe" "C
:\Users\Amaju\AppData\Roa
ming\ ...
+ ~~~~~~~~~~~~~~~~~~~~~~~
~~~~~~~~~~~~~~~~~~~~~~~~~
~~~~~~~~~~~~~~~~~~~~~
    + CategoryInfo       
       : NotSpecified:   
  (stderr | src/mo...n   
  a transaction:Strin    
g) [], RemoteExcepti    
on
    + FullyQualifiedErro 
   rId : NativeCommandE  
  rror
 
[31m[ERROR][0m Failed 
to update milestone 
budget {
  module: 
[32m'milestones'[39m,
  milestoneId: 
[32m'ms_001'[39m,
  error: {
    message: 
[32m'\n'[39m +
      [32m'Invalid `pris
ma.milestones.findFirst()
` invocation:\n'[39m +
      [32m'\n'[39m +
      [32m'\n'[39m +
      [32m"Can't reach 
database server at 
mock"[39m
  }
}

 ├ù src/modules/milestones/lib/updateMilestoneBudget.test.ts > updateMilestoneBudget > updates budget and writes audit event in a transaction 2912ms
   ÔåÆ expected false to be true // Object.is equality
stderr | src/modules/mile
stones/lib/updateMileston
eBudget.test.ts > 
updateMilestoneBudget > 
returns FORBIDDEN when 
the milestone project is 
not owned by requester
[31m[ERROR][0m Failed 
to update milestone 
budget {
  module: 
[32m'milestones'[39m,
  milestoneId: 
[32m'ms_001'[39m,
  error: {
    message: 
[32m'\n'[39m +
      [32m'Invalid `pris
ma.milestones.findFirst()
` invocation:\n'[39m +
      [32m'\n'[39m +
      [32m'\n'[39m +
      [32m"Can't reach 
database server at 
mock"[39m
  }
}

 ├ù src/modules/milestones/lib/updateMilestoneBudget.test.ts > updateMilestoneBudget > returns FORBIDDEN when the milestone project is not owned by requester 2269ms
   ÔåÆ expected 'INTERNAL_ERROR' to be 'FORBIDDEN' // Object.is equality
stderr | src/modules/mile
stones/lib/updateMileston
eBudget.test.ts > 
updateMilestoneBudget > 
returns FORBIDDEN when 
the milestone does not 
exist
[31m[ERROR][0m Failed 
to update milestone 
budget {
  module: 
[32m'milestones'[39m,
  milestoneId: 
[32m'ms_999'[39m,
  error: {
    message: 
[32m'\n'[39m +
      [32m'Invalid `pris
ma.milestones.findFirst()
` invocation:\n'[39m +
      [32m'\n'[39m +
      [32m'\n'[39m +
      [32m"Can't reach 
database server at 
mock"[39m
  }
}

 ├ù src/modules/milestones/lib/updateMilestoneBudget.test.ts > updateMilestoneBudget > returns FORBIDDEN when the milestone does not exist 2265ms
   ÔåÆ expected 'INTERNAL_ERROR' to be 'FORBIDDEN' // Object.is equality
stderr | src/modules/mile
stones/lib/updateMileston
eBudget.test.ts > 
updateMilestoneBudget > 
returns MILESTONE_LOCKED 
when status is approved
[31m[ERROR][0m Failed 
to update milestone 
budget {
  module: 
[32m'milestones'[39m,
  milestoneId: 
[32m'ms_001'[39m,
  error: {
    message: 
[32m'\n'[39m +
      [32m'Invalid `pris
ma.milestones.findFirst()
` invocation:\n'[39m +
      [32m'\n'[39m +
      [32m'\n'[39m +
      [32m"Can't reach 
database server at 
mock"[39m
  }
}

 ├ù src/modules/milestones/lib/updateMilestoneBudget.test.ts > updateMilestoneBudget > returns MILESTONE_LOCKED when status is approved 2283ms
   ÔåÆ expected 'INTERNAL_ERROR' to be 'MILESTONE_LOCKED' // Object.is equality
stderr | src/modules/mile
stones/lib/updateMileston
eBudget.test.ts > 
updateMilestoneBudget > 
returns MILESTONE_LOCKED 
when status is locked
[31m[ERROR][0m Failed 
to update milestone 
budget {
  module: 
[32m'milestones'[39m,
  milestoneId: 
[32m'ms_001'[39m,
  error: {
    message: 
[32m'\n'[39m +
      [32m'Invalid `pris
ma.milestones.findFirst()
` invocation:\n'[39m +
      [32m'\n'[39m +
      [32m'\n'[39m +
      [32m"Can't reach 
database server at 
mock"[39m
  }
}

 ├ù src/modules/milestones/lib/updateMilestoneBudget.test.ts > updateMilestoneBudget > returns MILESTONE_LOCKED when status is locked 2268ms
   ÔåÆ expected 'INTERNAL_ERROR' to be 'MILESTONE_LOCKED' // Object.is equality
stderr | src/modules/mile
stones/lib/updateMileston
eBudget.test.ts > 
updateMilestoneBudget > 
returns INTERNAL_ERROR 
when database throws 
unexpectedly
[31m[ERROR][0m Failed 
to update milestone 
budget {
  module: 
[32m'milestones'[39m,
  milestoneId: 
[32m'ms_001'[39m,
  error: {
    message: 
[32m'\n'[39m +
      [32m'Invalid `pris
ma.milestones.findFirst()
` invocation:\n'[39m +
      [32m'\n'[39m +
      [32m'\n'[39m +
      [32m"Can't reach 
database server at 
mock"[39m
  }
}

 Ô£ô src/modules/milestones/lib/updateMilestoneBudget.test.ts > updateMilestoneBudget > returns INTERNAL_ERROR when database throws unexpectedly 2281ms

ÔÄ»ÔÄ»ÔÄ»ÔÄ»ÔÄ»ÔÄ»ÔÄ» 
Failed Tests 5 
ÔÄ»ÔÄ»ÔÄ»ÔÄ»ÔÄ»ÔÄ»ÔÄ»

 FAIL  src/modules/milest
ones/lib/updateMilestoneB
udget.test.ts > 
updateMilestoneBudget > 
updates budget and 
writes audit event in a 
transaction
AssertionError: expected 
false to be true // 
Object.is equality

[32m- Expected[39m
[31m+ Received[39m

[32m- true[39m
[31m+ false[39m

 ÔØ» src/modules/mileston
es/lib/updateMilestoneBud
get.test.ts:29:23
     27|     const 
result = await updateMile
stoneBudget('ms_001', 
VALID_INPUT, ÔÇª
     28|
     29|     expect(resul
t.ok).toBe(true)
       |                 
      ^
     30|     if 
(result.ok) {
     31|       expect(res
ult.data.milestoneId).toB
e('ms_001')

ÔÄ»ÔÄ»ÔÄ»ÔÄ»ÔÄ»ÔÄ»ÔÄ»ÔÄ»Ô
Ä»ÔÄ»ÔÄ»ÔÄ»ÔÄ»ÔÄ»ÔÄ»ÔÄ»ÔÄ
»ÔÄ»ÔÄ»ÔÄ»ÔÄ»ÔÄ»ÔÄ»ÔÄ»[1/
5]ÔÄ»

 FAIL  src/modules/milest
ones/lib/updateMilestoneB
udget.test.ts > 
updateMilestoneBudget > 
returns FORBIDDEN when 
the milestone project is 
not owned by requester
AssertionError: expected 
'INTERNAL_ERROR' to be 
'FORBIDDEN' // Object.is 
equality

Expected: 
[32m"FORBIDDEN"[39m
Received: [31m"INTERNAL_
ERROR"[39m

 ÔØ» src/modules/mileston
es/lib/updateMilestoneBud
get.test.ts:46:27
     44|     expect(resul
t.ok).toBe(false)
     45|     if 
(!result.ok) {
     46|       expect(res
ult.code).toBe('FORBIDDEN
')
       |                 
          ^
     47|     }
     48|     expect(prism
aMock.$transaction).not.t
oHaveBeenCalled()

ÔÄ»ÔÄ»ÔÄ»ÔÄ»ÔÄ»ÔÄ»ÔÄ»ÔÄ»Ô
Ä»ÔÄ»ÔÄ»ÔÄ»ÔÄ»ÔÄ»ÔÄ»ÔÄ»ÔÄ
»ÔÄ»ÔÄ»ÔÄ»ÔÄ»ÔÄ»ÔÄ»ÔÄ»[2/
5]ÔÄ»

 FAIL  src/modules/milest
ones/lib/updateMilestoneB
udget.test.ts > 
updateMilestoneBudget > 
returns FORBIDDEN when 
the milestone does not 
exist
AssertionError: expected 
'INTERNAL_ERROR' to be 
'FORBIDDEN' // Object.is 
equality

Expected: 
[32m"FORBIDDEN"[39m
Received: [31m"INTERNAL_
ERROR"[39m

 ÔØ» src/modules/mileston
es/lib/updateMilestoneBud
get.test.ts:58:27
     56|     expect(resul
t.ok).toBe(false)
     57|     if 
(!result.ok) {
     58|       expect(res
ult.code).toBe('FORBIDDEN
')
       |                 
          ^
     59|     }
     60|   })

ÔÄ»ÔÄ»ÔÄ»ÔÄ»ÔÄ»ÔÄ»ÔÄ»ÔÄ»Ô
Ä»ÔÄ»ÔÄ»ÔÄ»ÔÄ»ÔÄ»ÔÄ»ÔÄ»ÔÄ
»ÔÄ»ÔÄ»ÔÄ»ÔÄ»ÔÄ»ÔÄ»ÔÄ»[3/
5]ÔÄ»

 FAIL  src/modules/milest
ones/lib/updateMilestoneB
udget.test.ts > 
updateMilestoneBudget > 
returns MILESTONE_LOCKED 
when status is approved
AssertionError: expected 
'INTERNAL_ERROR' to be 
'MILESTONE_LOCKED' // 
Object.is equality

Expected: [32m"MILESTONE
_LOCKED"[39m
Received: [31m"INTERNAL_
ERROR"[39m

 ÔØ» src/modules/mileston
es/lib/updateMilestoneBud
get.test.ts:70:27
     68|     expect(resul
t.ok).toBe(false)
     69|     if 
(!result.ok) {
     70|       expect(res
ult.code).toBe('MILESTONE
_LOCKED')
       |                 
          ^
     71|     }
     72|     expect(prism
aMock.$transaction).not.t
oHaveBeenCalled()

ÔÄ»ÔÄ»ÔÄ»ÔÄ»ÔÄ»ÔÄ»ÔÄ»ÔÄ»Ô
Ä»ÔÄ»ÔÄ»ÔÄ»ÔÄ»ÔÄ»ÔÄ»ÔÄ»ÔÄ
»ÔÄ»ÔÄ»ÔÄ»ÔÄ»ÔÄ»ÔÄ»ÔÄ»[4/
5]ÔÄ»

 FAIL  src/modules/milest
ones/lib/updateMilestoneB
udget.test.ts > 
updateMilestoneBudget > 
returns MILESTONE_LOCKED 
when status is locked
AssertionError: expected 
'INTERNAL_ERROR' to be 
'MILESTONE_LOCKED' // 
Object.is equality

Expected: [32m"MILESTONE
_LOCKED"[39m
Received: [31m"INTERNAL_
ERROR"[39m

 ÔØ» src/modules/mileston
es/lib/updateMilestoneBud
get.test.ts:83:27
     81|     expect(resul
t.ok).toBe(false)
     82|     if 
(!result.ok) {
     83|       expect(res
ult.code).toBe('MILESTONE
_LOCKED')
       |                 
          ^
     84|     }
     85|   })

ÔÄ»ÔÄ»ÔÄ»ÔÄ»ÔÄ»ÔÄ»ÔÄ»ÔÄ»Ô
Ä»ÔÄ»ÔÄ»ÔÄ»ÔÄ»ÔÄ»ÔÄ»ÔÄ»ÔÄ
»ÔÄ»ÔÄ»ÔÄ»ÔÄ»ÔÄ»ÔÄ»ÔÄ»[5/
5]ÔÄ»


 Test Files  1 failed (1)
      Tests  5 failed | 1 passed (6)
   Start at  14:40:21
   Duration  16.88s (transform 129ms, setup 201ms, import 189ms, tests 14.28s, environment 1.82s)

 FAIL  Tests failed. Watching for file changes...
       press h to show help, press q to quit
